================================================================================
API TEST EXECUTION REPORT
================================================================================
Generated: 2026-02-20 17:48:51

OVERALL STATISTICS
--------------------------------------------------------------------------------
Total Tests:    513
Passed:         263
Failed:         250
Success Rate:   51.3%

CATEGORY STATISTICS
--------------------------------------------------------------------------------
ADMIN_PANEL          | Passed:  70 | Failed:  69 | Total: 139 | Success:  50.4%
AFFILIATE            | Passed:   0 | Failed:   5 | Total:   5 | Success:   0.0%
SYSTEM               | Passed:  14 | Failed:  23 | Total:  37 | Success:  37.8%
TENANT_WEB_APP       | Passed: 179 | Failed: 153 | Total: 332 | Success:  53.9%

FAILURE PATTERNS
--------------------------------------------------------------------------------
Connection/Timeout Error                 | Count: 118
Not Found (Missing resource or unimplemented) | Count: 59
HTTP 400                                 | Count: 28
Internal Server Error (Backend bug)      | Count: 25
Validation Error (Invalid request data)  | Count: 13
Unauthorized (Auth issue)                | Count: 4
HTTP 403                                 | Count: 3

FAILED TESTS DETAIL
--------------------------------------------------------------------------------
POST   /api/campaigns/camp_c436166d/send                  | 500 | name 'tenant_id' is not defined
POST   /api/parties/bulk-upload                           | 422 | Validation error
POST   /api/inventory                                     | 500 | (sqlite3.IntegrityError) NOT NULL constraint faile
POST   /api/inventory/bulk-upload                         | 422 | Validation error
POST   /api/inventory/item_20022026144726_db2d32/serials  | 404 | Item not found
GET    /api/inventory/item_20022026144726_db2d32/movements | 404 | Item not found
POST   /api/sales                                         | 404 | Party not found
GET    /api/sales/{sale_id}                               | 0 | Missing required resource ID
PUT    /api/sales/{sale_id}                               | 0 | Missing required resource ID
GET    /api/sales/{sale_id}/payments                      | 0 | Missing required resource ID
POST   /api/sales/{sale_id}/payments                      | 0 | Missing required resource ID
GET    /api/sales/{sale_id}/payment-plan                  | 0 | Missing required resource ID
POST   /api/sales/{sale_id}/payment-plan                  | 0 | Missing required resource ID
POST   /api/sales/{sale_id}/installments/{installment_id}/pay | 0 | Missing required resource ID
POST   /api/parties/pat_0d2da971/device-assignments       | 404 | Party not found
PATCH  /api/device-assignments/{assignment_id}            | 0 | Missing required resource ID
POST   /api/device-assignments/{assignment_id}/return-loaner | 0 | Missing required resource ID
POST   /api/hearing-profiles                              | 404 | Patient not found
GET    /api/hearing-profiles/pat_0d2da971                 | 404 | Hearing profile not found
PUT    /api/hearing-profiles/pat_0d2da971                 | 404 | Patient not found
POST   /api/auth/lookup-phone                             | 404 | User not found or no phone registered
POST   /api/auth/forgot-password                          | 404 | User not found with this phone number
POST   /api/auth/verify-otp                               | 400 | Invalid or expired OTP
POST   /api/auth/reset-password                           | 400 | Invalid or expired OTP
POST   /api/auth/login                                    | 400 | Kullanıcı adı/e-posta/telefon ve şifre gereklidir
POST   /api/auth/refresh                                  | 401 | Invalid token type
POST   /api/auth/send-verification-otp                    | 401 | User context required
POST   /api/auth/set-password                             | 401 | User context required
POST   /api/appointments                                  | 422 | Validation error
GET    /api/appointments/{appointment_id}                 | 0 | Missing required resource ID
PUT    /api/appointments/{appointment_id}                 | 0 | Missing required resource ID
DELETE /api/appointments/{appointment_id}                 | 0 | Missing required resource ID
POST   /api/appointments/{appointment_id}/reschedule      | 0 | Missing required resource ID
POST   /api/appointments/{appointment_id}/cancel          | 0 | Missing required resource ID
POST   /api/appointments/{appointment_id}/complete        | 0 | Missing required resource ID
POST   /api/devices                                       | 422 | brand, model, and type are required (or provide a 
GET    /api/devices/dev_20260220_174726_471719_734026     | 404 | Device not found
PUT    /api/devices/dev_20260220_174726_471719_734026     | 404 | Device not found
DELETE /api/devices/dev_20260220_174726_471719_734026     | 404 | Device not found
POST   /api/devices/dev_20260220_174726_471719_734026/stock-update | 404 | Device not found
PUT    /api/notifications/settings                        | 404 | Notification not found
POST   /api/branches                                      | 403 | Branch limit reached. Your plan allows 1 branches.
PUT    /api/roles/0564cef6-31ec-4174-bf7e-5147bbfad497    | 404 | role not found
DELETE /api/roles/0564cef6-31ec-4174-bf7e-5147bbfad497    | 404 | role not found
POST   /api/roles/0564cef6-31ec-4174-bf7e-5147bbfad497/permissions | 404 | role not found
PUT    /api/roles/0564cef6-31ec-4174-bf7e-5147bbfad497/permissions | 404 | role not found
DELETE /api/roles/{role_id}/permissions/{permission_name} | 0 | Missing required resource ID
PATCH  /api/payment-records/{record_id}                   | 0 | Missing required resource ID
POST   /api/promissory-notes                              | 400 | Notes must be a non-empty list
PATCH  /api/promissory-notes/{note_id}                    | 0 | Missing required resource ID
... and 200 more failures

EXECUTION TIME STATISTICS
--------------------------------------------------------------------------------
Average:  0.17s
Maximum:  4.09s

================================================================================